test diagnostic log
